--------------------------------------------------------------------------------
Release 14.7 Trace  (nt64)
Copyright (c) 1995-2013 Xilinx, Inc.  All rights reserved.

E:\app\ISE\14.7\ISE_DS\ISE\bin\nt64\unwrapped\trce.exe -intstyle ise -v 3 -s 2L
-n 3 -fastpaths -xml multi_cpu_top.twx multi_cpu_top.ncd -o multi_cpu_top.twr
multi_cpu_top.pcf

Design file:              multi_cpu_top.ncd
Physical constraint file: multi_cpu_top.pcf
Device,package,speed:     xc7k160t,ffg676,C,-2L (PRODUCTION 1.10 2013-10-13)
Report level:             verbose report

Environment Variable      Effect 
--------------------      ------ 
NONE                      No environment variables were set
--------------------------------------------------------------------------------

INFO:Timing:2698 - No timing constraints found, doing default enumeration.
INFO:Timing:3412 - To improve timing, see the Timing Closure User Guide (UG612).
INFO:Timing:2752 - To get complete path coverage, use the unconstrained paths 
   option. All paths that are not constrained will be reported in the 
   unconstrained paths section(s) of the report.
INFO:Timing:3339 - The clock-to-out numbers in this timing report are based on 
   a 50 Ohm transmission line loading model.  For the details of this model, 
   and for more information on accounting for different loading conditions, 
   please see the device datasheet.



Data Sheet report:
-----------------
All values displayed in nanoseconds (ns)

Clock SW<7> to Pad
------------+-----------------+------------+-----------------+------------+------------------+--------+
            |Max (slowest) clk|  Process   |Min (fastest) clk|  Process   |                  | Clock  |
Destination |  (edge) to PAD  |   Corner   |  (edge) to PAD  |   Corner   |Internal Clock(s) | Phase  |
------------+-----------------+------------+-----------------+------------+------------------+--------+
LED<0>      |        12.224(R)|      SLOW  |         5.359(R)|      FAST  |clk_BUFG          |   0.000|
LED<1>      |        12.503(R)|      SLOW  |         5.600(R)|      FAST  |clk_BUFG          |   0.000|
LED<2>      |        13.183(R)|      SLOW  |         5.599(R)|      FAST  |clk_BUFG          |   0.000|
LED<3>      |        13.113(R)|      SLOW  |         5.744(R)|      FAST  |clk_BUFG          |   0.000|
LED<4>      |        12.696(R)|      SLOW  |         5.598(R)|      FAST  |clk_BUFG          |   0.000|
SEGMENT<0>  |        17.425(R)|      SLOW  |         6.253(R)|      FAST  |clk_BUFG          |   0.000|
SEGMENT<1>  |        17.455(R)|      SLOW  |         6.068(R)|      FAST  |clk_BUFG          |   0.000|
SEGMENT<2>  |        17.360(R)|      SLOW  |         6.080(R)|      FAST  |clk_BUFG          |   0.000|
SEGMENT<3>  |        17.319(R)|      SLOW  |         6.051(R)|      FAST  |clk_BUFG          |   0.000|
SEGMENT<4>  |        16.826(R)|      SLOW  |         5.913(R)|      FAST  |clk_BUFG          |   0.000|
SEGMENT<5>  |        17.536(R)|      SLOW  |         6.115(R)|      FAST  |clk_BUFG          |   0.000|
SEGMENT<6>  |        16.762(R)|      SLOW  |         5.866(R)|      FAST  |clk_BUFG          |   0.000|
------------+-----------------+------------+-----------------+------------+------------------+--------+

Clock clk_s to Pad
------------+-----------------+------------+-----------------+------------+------------------+--------+
            |Max (slowest) clk|  Process   |Min (fastest) clk|  Process   |                  | Clock  |
Destination |  (edge) to PAD  |   Corner   |  (edge) to PAD  |   Corner   |Internal Clock(s) | Phase  |
------------+-----------------+------------+-----------------+------------+------------------+--------+
AN<0>       |        10.895(R)|      SLOW  |         4.534(R)|      FAST  |clk_s_BUFGP       |   0.000|
AN<1>       |        10.949(R)|      SLOW  |         4.613(R)|      FAST  |clk_s_BUFGP       |   0.000|
AN<2>       |        10.950(R)|      SLOW  |         4.560(R)|      FAST  |clk_s_BUFGP       |   0.000|
AN<3>       |        10.924(R)|      SLOW  |         4.403(R)|      FAST  |clk_s_BUFGP       |   0.000|
SEGMENT<0>  |        13.427(R)|      SLOW  |         5.541(R)|      FAST  |clk_s_BUFGP       |   0.000|
SEGMENT<1>  |        13.457(R)|      SLOW  |         5.413(R)|      FAST  |clk_s_BUFGP       |   0.000|
SEGMENT<2>  |        13.362(R)|      SLOW  |         5.425(R)|      FAST  |clk_s_BUFGP       |   0.000|
SEGMENT<3>  |        13.339(R)|      SLOW  |         5.319(R)|      FAST  |clk_s_BUFGP       |   0.000|
SEGMENT<4>  |        12.723(R)|      SLOW  |         5.221(R)|      FAST  |clk_s_BUFGP       |   0.000|
SEGMENT<5>  |        13.538(R)|      SLOW  |         5.431(R)|      FAST  |clk_s_BUFGP       |   0.000|
SEGMENT<6>  |        12.659(R)|      SLOW  |         5.182(R)|      FAST  |clk_s_BUFGP       |   0.000|
------------+-----------------+------------+-----------------+------------+------------------+--------+

Clock to Setup on destination clock SW<7>
---------------+---------+---------+---------+---------+
               | Src:Rise| Src:Fall| Src:Rise| Src:Fall|
Source Clock   |Dest:Rise|Dest:Rise|Dest:Fall|Dest:Fall|
---------------+---------+---------+---------+---------+
SW<7>          |    4.098|         |         |         |
---------------+---------+---------+---------+---------+

Clock to Setup on destination clock clk_s
---------------+---------+---------+---------+---------+
               | Src:Rise| Src:Fall| Src:Rise| Src:Fall|
Source Clock   |Dest:Rise|Dest:Rise|Dest:Fall|Dest:Fall|
---------------+---------+---------+---------+---------+
clk_s          |    2.338|         |         |         |
---------------+---------+---------+---------+---------+

Pad to Pad
---------------+---------------+---------+
Source Pad     |Destination Pad|  Delay  |
---------------+---------------+---------+
SW<0>          |SEGMENT<0>     |   16.083|
SW<0>          |SEGMENT<1>     |   15.808|
SW<0>          |SEGMENT<2>     |   15.788|
SW<0>          |SEGMENT<3>     |   15.996|
SW<0>          |SEGMENT<4>     |   15.237|
SW<0>          |SEGMENT<5>     |   15.973|
SW<0>          |SEGMENT<6>     |   15.282|
SW<1>          |SEGMENT<0>     |   15.921|
SW<1>          |SEGMENT<1>     |   15.885|
SW<1>          |SEGMENT<2>     |   15.790|
SW<1>          |SEGMENT<3>     |   15.872|
SW<1>          |SEGMENT<4>     |   15.394|
SW<1>          |SEGMENT<5>     |   15.811|
SW<1>          |SEGMENT<6>     |   15.330|
SW<2>          |SEGMENT<0>     |   13.573|
SW<2>          |SEGMENT<1>     |   13.490|
SW<2>          |SEGMENT<2>     |   13.395|
SW<2>          |SEGMENT<3>     |   13.514|
SW<2>          |SEGMENT<4>     |   12.995|
SW<2>          |SEGMENT<5>     |   13.571|
SW<2>          |SEGMENT<6>     |   12.931|
SW<3>          |SEGMENT<0>     |   13.322|
SW<3>          |SEGMENT<1>     |   13.352|
SW<3>          |SEGMENT<2>     |   13.257|
SW<3>          |SEGMENT<3>     |   13.216|
SW<3>          |SEGMENT<4>     |   12.487|
SW<3>          |SEGMENT<5>     |   13.433|
SW<3>          |SEGMENT<6>     |   12.458|
SW<4>          |SEGMENT<0>     |   12.732|
SW<4>          |SEGMENT<1>     |   12.790|
SW<4>          |SEGMENT<2>     |   12.695|
SW<4>          |SEGMENT<3>     |   12.777|
SW<4>          |SEGMENT<4>     |   12.299|
SW<4>          |SEGMENT<5>     |   12.699|
SW<4>          |SEGMENT<6>     |   12.235|
SW<5>          |SEGMENT<0>     |   11.108|
SW<5>          |SEGMENT<1>     |   11.138|
SW<5>          |SEGMENT<2>     |   11.043|
SW<5>          |SEGMENT<3>     |   11.018|
SW<5>          |SEGMENT<4>     |   10.297|
SW<5>          |SEGMENT<5>     |   11.219|
SW<5>          |SEGMENT<6>     |   10.244|
SW<6>          |SEGMENT<0>     |   11.585|
SW<6>          |SEGMENT<1>     |   11.615|
SW<6>          |SEGMENT<2>     |   11.520|
SW<6>          |SEGMENT<3>     |   11.479|
SW<6>          |SEGMENT<4>     |   10.750|
SW<6>          |SEGMENT<5>     |   11.696|
SW<6>          |SEGMENT<6>     |   10.721|
---------------+---------------+---------+


Analysis completed Tue Aug 11 11:44:56 2020 
--------------------------------------------------------------------------------

Trace Settings:
-------------------------
Trace Settings 

Peak Memory Usage: 773 MB



